[    0.000000] Booting Linux on physical CPU 0x0000000000 [0x410fd034]
[    0.000000] Linux version 5.10.13-1-ARCH (builduser@leming) (aarch64-unknown-linux-gnu-gcc (GCC) 10.2.0, GNU ld (GNU Binutils) 2.35) #1 SMP Thu Feb 4 17:26:42 MST 2021
[    0.000000] Machine model: linux,dummy-virt
[    0.000000] efi: UEFI not found.
[    0.000000] cma: Reserved 64 MiB at 0x000000004c000000
[    0.000000] Zone ranges:
[    0.000000]   DMA      [mem 0x0000000040000000-0x000000004fffffff]
[    0.000000]   DMA32    empty
[    0.000000]   Normal   empty
[    0.000000] Movable zone start for each node
[    0.000000] Early memory node ranges
[    0.000000]   node   0: [mem 0x0000000040000000-0x000000004fffffff]
[    0.000000] Initmem setup node 0 [mem 0x0000000040000000-0x000000004fffffff]
[    0.000000] psci: probing for conduit method from DT.
[    0.000000] psci: PSCIv0.2 detected in firmware.
[    0.000000] psci: Using standard PSCI v0.2 function IDs
[    0.000000] psci: Trusted OS migration not required
[    0.000000] percpu: Embedded 23 pages/cpu s55320 r8192 d30696 u94208
[    0.000000] Detected VIPT I-cache on CPU0
[    0.000000] CPU features: detected: ARM erratum 843419
[    0.000000] Built 1 zonelists, mobility grouping on.  Total pages: 64512
[    0.000000] Kernel command line: root=/dev/vda2 rootfstype=ext4 rw console=ttyAMA0
[    0.000000] Dentry cache hash table entries: 32768 (order: 6, 262144 bytes, linear)
[    0.000000] Inode-cache hash table entries: 16384 (order: 5, 131072 bytes, linear)
[    0.000000] mem auto-init: stack:off, heap alloc:off, heap free:off
[    0.000000] Memory: 144632K/262144K available (16128K kernel code, 3282K rwdata, 7768K rodata, 5376K init, 858K bss, 51976K reserved, 65536K cma-reserved)
[    0.000000] random: get_random_u64 called from cache_random_seq_create+0x84/0x180 with crng_init=0
[    0.000000] SLUB: HWalign=64, Order=0-3, MinObjects=0, CPUs=1, Nodes=1
[    0.000000] rcu: Hierarchical RCU implementation.
[    0.000000] rcu: 	RCU restricting CPUs from NR_CPUS=8 to nr_cpu_ids=1.
[    0.000000] 	Trampoline variant of Tasks RCU enabled.
[    0.000000] 	Rude variant of Tasks RCU enabled.
[    0.000000] 	Tracing variant of Tasks RCU enabled.
[    0.000000] rcu: RCU calculated value of scheduler-enlistment delay is 10 jiffies.
[    0.000000] rcu: Adjusting geometry for rcu_fanout_leaf=16, nr_cpu_ids=1
[    0.000000] NR_IRQS: 64, nr_irqs: 64, preallocated irqs: 0
[    0.000000] GICv2m: range[mem 0x08020000-0x08020fff], SPI[80:143]
[    0.000000] arch_timer: cp15 timer(s) running at 62.50MHz (virt).
[    0.000000] clocksource: arch_sys_counter: mask: 0xffffffffffffff max_cycles: 0x1cd42e208c, max_idle_ns: 881590405314 ns
[    0.000169] sched_clock: 56 bits at 62MHz, resolution 16ns, wraps every 4398046511096ns
[    0.003904] Console: colour dummy device 80x25
[    0.005306] Calibrating delay loop (skipped), value calculated using timer frequency.. 125.00 BogoMIPS (lpj=625000)
[    0.005453] pid_max: default: 32768 minimum: 301
[    0.006571] LSM: Security Framework initializing
[    0.007248] Yama: becoming mindful.
[    0.008617] Mount-cache hash table entries: 512 (order: 0, 4096 bytes, linear)
[    0.008660] Mountpoint-cache hash table entries: 512 (order: 0, 4096 bytes, linear)
[    0.047986] rcu: Hierarchical SRCU implementation.
[    0.054658] EFI services will not be available.
[    0.057927] smp: Bringing up secondary CPUs ...
[    0.058029] smp: Brought up 1 node, 1 CPU
[    0.058068] SMP: Total of 1 processors activated.
[    0.058154] CPU features: detected: 32-bit EL0 Support
[    0.058238] CPU features: detected: CRC32 instructions
[    0.058292] CPU features: detected: 32-bit EL1 Support
[    0.100459] CPU: All CPU(s) started at EL1
[    0.101178] alternatives: patching kernel code
[    0.115243] devtmpfs: initialized
[    0.126994] clocksource: jiffies: mask: 0xffffffff max_cycles: 0xffffffff, max_idle_ns: 19112604462750000 ns
[    0.127185] futex hash table entries: 256 (order: 2, 16384 bytes, linear)
[    0.131752] pinctrl core: initialized pinctrl subsystem
[    0.140371] DMI not present or invalid.
[    0.147549] NET: Registered protocol family 16
[    0.157354] DMA: preallocated 128 KiB GFP_KERNEL pool for atomic allocations
[    0.157518] DMA: preallocated 128 KiB GFP_KERNEL|GFP_DMA pool for atomic allocations
[    0.157820] DMA: preallocated 128 KiB GFP_KERNEL|GFP_DMA32 pool for atomic allocations
[    0.158210] audit: initializing netlink subsys (disabled)
[    0.163638] thermal_sys: Registered thermal governor 'fair_share'
[    0.163692] thermal_sys: Registered thermal governor 'bang_bang'
[    0.163719] thermal_sys: Registered thermal governor 'step_wise'
[    0.163732] thermal_sys: Registered thermal governor 'user_space'
[    0.163742] thermal_sys: Registered thermal governor 'power_allocator'
[    0.164165] cpuidle: using governor ladder
[    0.164278] cpuidle: using governor menu
[    0.165829] audit: type=2000 audit(0.150:1): state=initialized audit_enabled=0 res=1
[    0.166183] hw-breakpoint: found 6 breakpoint and 4 watchpoint registers.
[    0.166541] ASID allocator initialised with 65536 entries
[    0.169688] Serial: AMBA PL011 UART driver
[    0.202694] 9000000.pl011: ttyAMA0 at MMIO 0x9000000 (irq = 47, base_baud = 0) is a PL011 rev1
[    0.213480] printk: console [ttyAMA0] enabled
[    0.243144] HugeTLB registered 1.00 GiB page size, pre-allocated 0 pages
[    0.243350] HugeTLB registered 32.0 MiB page size, pre-allocated 0 pages
[    0.243495] HugeTLB registered 2.00 MiB page size, pre-allocated 0 pages
[    0.243641] HugeTLB registered 64.0 KiB page size, pre-allocated 0 pages
[    1.172885] cryptd: max_cpu_qlen set to 1000
[    1.247292] ACPI: Interpreter disabled.
[    1.251154] iommu: Default domain type: Translated 
[    1.252562] vgaarb: loaded
[    1.255773] SCSI subsystem initialized
[    1.257884] usbcore: registered new interface driver usbfs
[    1.258228] usbcore: registered new interface driver hub
[    1.258488] usbcore: registered new device driver usb
[    1.259920] pps_core: LinuxPPS API ver. 1 registered
[    1.260050] pps_core: Software ver. 5.3.6 - Copyright 2005-2007 Rodolfo Giometti <giometti@linux.it>
[    1.260353] PTP clock support registered
[    1.261632] EDAC MC: Ver: 3.0.0
[    1.265127] Advanced Linux Sound Architecture Driver Initialized.
[    1.273782] NetLabel: Initializing
[    1.273905] NetLabel:  domain hash size = 128
[    1.274010] NetLabel:  protocols = UNLABELED CIPSOv4 CALIPSO
[    1.275007] NetLabel:  unlabeled traffic allowed by default
[    1.277599] clocksource: Switched to clocksource arch_sys_counter
[    1.278701] VFS: Disk quotas dquot_6.6.0
[    1.278971] VFS: Dquot-cache hash table entries: 512 (order 0, 4096 bytes)
[    1.282847] pnp: PnP ACPI: disabled
[    1.301943] NET: Registered protocol family 2
[    1.308519] tcp_listen_portaddr_hash hash table entries: 256 (order: 0, 4096 bytes, linear)
[    1.308825] TCP established hash table entries: 2048 (order: 2, 16384 bytes, linear)
[    1.309134] TCP bind hash table entries: 2048 (order: 3, 32768 bytes, linear)
[    1.309405] TCP: Hash tables configured (established 2048 bind 2048)
[    1.310924] MPTCP token hash table entries: 256 (order: 0, 6144 bytes, linear)
[    1.311324] UDP hash table entries: 256 (order: 1, 8192 bytes, linear)
[    1.311655] UDP-Lite hash table entries: 256 (order: 1, 8192 bytes, linear)
[    1.313344] NET: Registered protocol family 1
[    1.316605] RPC: Registered named UNIX socket transport module.
[    1.316823] RPC: Registered udp transport module.
[    1.316939] RPC: Registered tcp transport module.
[    1.317050] RPC: Registered tcp NFSv4.1 backchannel transport module.
[    1.317285] PCI: CLS 0 bytes, default 64
[    1.323130] hw perfevents: enabled with armv8_pmuv3 PMU driver, 5 counters available
[    1.323644] kvm [1]: HYP mode not available
[    1.458363] Initialise system trusted keyrings
[    1.459999] workingset: timestamp_bits=46 max_order=16 bucket_order=0
[    1.470308] zbud: loaded
[    1.478789] NFS: Registering the id_resolver key type
[    1.479162] Key type id_resolver registered
[    1.479308] Key type id_legacy registered
[    1.479871] nfs4filelayout_init: NFSv4 File Layout Driver Registering...
[    1.481150] SGI XFS with ACLs, security attributes, quota, no debug enabled
[    1.516276] NET: Registered protocol family 38
[    1.516638] Key type asymmetric registered
[    1.516820] Asymmetric key parser 'x509' registered
[    1.517181] Block layer SCSI generic (bsg) driver version 0.4 loaded (major 242)
[    1.518231] io scheduler mq-deadline registered
[    1.518415] io scheduler kyber registered
[    1.518961] io scheduler bfq registered
[    1.535668] pl061_gpio 9030000.pl061: PL061 GPIO chip registered
[    1.538792] pci-host-generic 4010000000.pcie: host bridge /pcie@10000000 ranges:
[    1.539657] pci-host-generic 4010000000.pcie:       IO 0x003eff0000..0x003effffff -> 0x0000000000
[    1.540264] pci-host-generic 4010000000.pcie:      MEM 0x0010000000..0x003efeffff -> 0x0010000000
[    1.540504] pci-host-generic 4010000000.pcie:      MEM 0x8000000000..0xffffffffff -> 0x8000000000
[    1.541766] pci-host-generic 4010000000.pcie: ECAM at [mem 0x4010000000-0x401fffffff] for [bus 00-ff]
[    1.542822] pci-host-generic 4010000000.pcie: PCI host bridge to bus 0000:00
[    1.543179] pci_bus 0000:00: root bus resource [bus 00-ff]
[    1.543451] pci_bus 0000:00: root bus resource [io  0x0000-0xffff]
[    1.543597] pci_bus 0000:00: root bus resource [mem 0x10000000-0x3efeffff]
[    1.543749] pci_bus 0000:00: root bus resource [mem 0x8000000000-0xffffffffff]
[    1.545087] pci 0000:00:00.0: [1b36:0008] type 00 class 0x060000
[    1.548381] pci 0000:00:01.0: [1af4:1000] type 00 class 0x020000
[    1.548747] pci 0000:00:01.0: reg 0x10: [io  0x0000-0x001f]
[    1.548915] pci 0000:00:01.0: reg 0x14: [mem 0x00000000-0x00000fff]
[    1.549197] pci 0000:00:01.0: reg 0x20: [mem 0x00000000-0x00003fff 64bit pref]
[    1.549368] pci 0000:00:01.0: reg 0x30: [mem 0x00000000-0x0003ffff pref]
[    1.549893] pci 0000:00:02.0: [1af4:1001] type 00 class 0x010000
[    1.550055] pci 0000:00:02.0: reg 0x10: [io  0x0000-0x007f]
[    1.550191] pci 0000:00:02.0: reg 0x14: [mem 0x00000000-0x00000fff]
[    1.550348] pci 0000:00:02.0: reg 0x20: [mem 0x00000000-0x00003fff 64bit pref]
[    1.552615] pci 0000:00:01.0: BAR 6: assigned [mem 0x10000000-0x1003ffff pref]
[    1.553057] pci 0000:00:01.0: BAR 4: assigned [mem 0x8000000000-0x8000003fff 64bit pref]
[    1.553341] pci 0000:00:02.0: BAR 4: assigned [mem 0x8000004000-0x8000007fff 64bit pref]
[    1.553552] pci 0000:00:01.0: BAR 1: assigned [mem 0x10040000-0x10040fff]
[    1.553753] pci 0000:00:02.0: BAR 1: assigned [mem 0x10041000-0x10041fff]
[    1.553925] pci 0000:00:02.0: BAR 0: assigned [io  0x1000-0x107f]
[    1.554086] pci 0000:00:01.0: BAR 0: assigned [io  0x1080-0x109f]
[    1.556559] IPMI message handler: version 39.2
[    1.575439] virtio-pci 0000:00:01.0: enabling device (0000 -> 0003)
[    1.578881] virtio-pci 0000:00:02.0: enabling device (0000 -> 0003)
[    1.583083] Serial: 8250/16550 driver, 4 ports, IRQ sharing enabled
[    1.588465] msm_serial: driver initialized
[    1.594615] cacheinfo: Unable to detect cache hierarchy for CPU 0
[    1.604611] libphy: Fixed MDIO Bus: probed
[    1.609619] ehci_hcd: USB 2.0 'Enhanced' Host Controller (EHCI) Driver
[    1.609912] ehci-pci: EHCI PCI platform driver
[    1.610216] ehci-platform: EHCI generic platform driver
[    1.610580] ehci-orion: EHCI orion driver
[    1.610873] tegra-ehci: Tegra EHCI driver
[    1.611174] ohci_hcd: USB 1.1 'Open' Host Controller (OHCI) Driver
[    1.611436] ohci-pci: OHCI PCI platform driver
[    1.611704] ohci-platform: OHCI generic platform driver
[    1.612065] uhci_hcd: USB Universal Host Controller Interface driver
[    1.613994] usbcore: registered new interface driver uas
[    1.614588] usbcore: registered new interface driver usb-storage
[    1.614810] usbcore: registered new interface driver ums-alauda
[    1.615015] usbcore: registered new interface driver ums-cypress
[    1.615225] usbcore: registered new interface driver ums-datafab
[    1.615428] usbcore: registered new interface driver ums_eneub6250
[    1.615643] usbcore: registered new interface driver ums-freecom
[    1.615858] usbcore: registered new interface driver ums-isd200
[    1.616061] usbcore: registered new interface driver ums-jumpshot
[    1.616265] usbcore: registered new interface driver ums-karma
[    1.616464] usbcore: registered new interface driver ums-onetouch
[    1.616691] usbcore: registered new interface driver ums-realtek
[    1.616899] usbcore: registered new interface driver ums-sddr09
[    1.617099] usbcore: registered new interface driver ums-sddr55
[    1.617317] usbcore: registered new interface driver ums-usbat
[    1.618189] usbcore: registered new interface driver usbserial_generic
[    1.618582] usbserial: USB Serial support registered for generic
[    1.621889] mousedev: PS/2 mouse device common for all mice
[    1.628012] rtc-pl031 9010000.pl031: registered as rtc0
[    1.628798] rtc-pl031 9010000.pl031: setting system clock to 2021-04-24T05:39:09 UTC (1619242749)
[    1.633719] device-mapper: uevent: version 1.0.3
[    1.634697] device-mapper: ioctl: 4.43.0-ioctl (2020-10-01) initialised: dm-devel@redhat.com
[    1.639304] sdhci: Secure Digital Host Controller Interface driver
[    1.639473] sdhci: Copyright(c) Pierre Ossman
[    1.640977] Synopsys Designware Multimedia Card Interface Driver
[    1.642896] sdhci-pltfm: SDHCI platform and OF driver helper
[    1.645644] ledtrig-cpu: registered to indicate activity on CPUs
[    1.647982] hid: raw HID events driver (C) Jiri Kosina
[    1.648596] usbcore: registered new interface driver usbhid
[    1.648738] usbhid: USB HID core driver
[    1.661018] Initializing XFRM netlink socket
[    1.662416] NET: Registered protocol family 10
[    1.677684] Segment Routing with IPv6
[    1.678253] mip6: Mobile IPv6
[    1.678479] NET: Registered protocol family 17
[    1.679587] Key type dns_resolver registered
[    1.680766] registered taskstats version 1
[    1.680981] Loading compiled-in X.509 certificates
[    1.681955] zswap: loaded using pool lzo/zbud
[    1.682950] debug_vm_pgtable: [debug_vm_pgtable         ]: Validating architecture page table helpers
[    1.684685] Key type ._fscrypt registered
[    1.684819] Key type .fscrypt registered
[    1.684923] Key type fscrypt-provisioning registered
[    1.692016] Key type encrypted registered
[    1.699222] ALSA device list:
[    1.699392]   No soundcards found.
[    1.703348] uart-pl011 9000000.pl011: no DMA platform data
[    1.704916] md: Waiting for all devices to be available before autodetect
[    1.705079] md: If you don't use raid, use raid=noautodetect
[    1.705236] md: Autodetecting RAID arrays.
[    1.705377] md: autorun ...
[    1.705462] md: ... autorun DONE.
[    1.707728] VFS: Cannot open root device "vda2" or unknown-block(0,0): error -6
[    1.707898] Please append a correct "root=" boot option; here are the available partitions:
[    1.708272] Kernel panic - not syncing: VFS: Unable to mount root fs on unknown-block(0,0)
[    1.708671] CPU: 0 PID: 1 Comm: swapper/0 Not tainted 5.10.13-1-ARCH #1
[    1.708829] Hardware name: linux,dummy-virt (DT)
[    1.709086] Call trace:
[    1.709182]  dump_backtrace+0x0/0x1d0
[    1.709363]  show_stack+0x18/0x60
[    1.709468]  dump_stack+0xd0/0x128
[    1.709555]  panic+0x148/0x320
[    1.709638]  mount_block_root+0x208/0x29c
[    1.709732]  mount_root+0x70/0x80
[    1.709813]  prepare_namespace+0x134/0x174
[    1.709907]  kernel_init_freeable+0x160/0x1a0
[    1.710008]  kernel_init+0x14/0x114
[    1.710092]  ret_from_fork+0x10/0x3c
[    1.710564] Kernel Offset: disabled
[    1.710775] CPU features: 0x0240002,24002000
[    1.710903] Memory Limit: none
[    1.711311] ---[ end Kernel panic - not syncing: VFS: Unable to mount root fs on unknown-block(0,0) ]---
